ASAN Total Passed: 68
ASAN Total Failed: 0
SideASAN Total Passed: 68
SideASAN Total Failed: 0
